2026-07-01T09:03:14	ejecucion inicializada
2026-07-01T09:03:14	00_PRUEBAS_INTERNAS: inicio
2026-07-01T09:03:14	00_PRUEBAS_INTERNAS: completada
2026-07-01T09:03:14	01_INVENTARIO: inicio
2026-07-01T09:03:19	01_INVENTARIO: completada
2026-07-01T09:03:19	02_EVIDENCIA: inicio
2026-07-01T09:03:39	02_EVIDENCIA: completada
2026-07-01T09:03:39	03_IDENTIDAD_LOGISTICA: inicio
2026-07-01T09:03:43	03_IDENTIDAD_LOGISTICA: completada
2026-07-01T09:03:43	04_RELACIONES_PREVIAS: inicio
2026-07-01T09:03:43	04_RELACIONES_PREVIAS: completada
2026-07-01T09:03:43	05_COMPARACION_MALLAS: inicio
2026-07-01T09:03:44	05_COMPARACION_MALLAS: completada
2026-07-01T09:03:44	06_REPRESENTACION_FLUJO: inicio
2026-07-01T09:03:44	06_REPRESENTACION_FLUJO: completada
2026-07-01T09:03:44	07_IMPACTO_146: inicio
2026-07-01T09:03:44	07_IMPACTO_146: completada
2026-07-01T09:03:44	08_OTRAS_FAMILIAS: inicio
2026-07-01T09:03:44	08_OTRAS_FAMILIAS: completada
2026-07-01T09:03:44	09_CONCLUSION: inicio
2026-07-01T09:03:44	09_CONCLUSION: completada
2026-07-01T09:03:44	10_REPORTE_FINAL: inicio
2026-07-01T09:03:50	10_REPORTE_FINAL: completada
