2026-06-30T11:16:22 FASE 0 INICIO
2026-06-30T11:16:25 FASE0_INVENTARIO {"archivos_candidatos": 2390, "scripts_candidatos": 102, "puentes_encontrados": 183, "resultados_auditoria": 1007, "rutas_priorizadas": ["/Users/alexi/Documents/GitHub/avance_curricular/scripts/compile_puente_sies_compilado 2.py", "/Users/alexi/Documents/GitHub/avance_curricular/scripts/compile_puente_sies_compilado.py", "/Users/alexi/Documents/GitHub/avance_curricular/resultados/auditoria_integral_multicodcli_2026/auditoria_20260618_144104/00_RESPALDO_ENTRADAS/PUENTE_SIES_COMPILADO.tsv", "/Users/alexi/Documents/GitHub/avance_curricular/resultados/auditoria_integral_multicodcli_2026/auditoria_20260618_144641/00_RESPALDO_ENTRADAS/PUENTE_SIES_COMPILADO.tsv", "/Users/alexi/Documents/GitHub/avance_curricular/scripts/auditoria_integral_multicodcli_2026 2.py", "/Users/alexi/Documents/GitHub/avance_curricular/scripts/corregir_fase06_vigencia_extranjeros_2025.py", "/Users/alexi/Documents/GitHub/avance_curricular/resultados/auditoria_integral_multicodcli_2026/auditoria_20260618_144104/00_RESPALDO_ENTRADAS/manual_matri\u0301cula_unificada 2.txt", "/Users/alexi/Documents/GitHub/avance_curricular/resultados/auditoria_integral_multicodcli_2026/auditoria_20260618_144641/00_RESPALDO_ENTRADAS/manual_matri\u0301cula_unificada 2.txt", "/Users/alexi/Documents/GitHub/avance_curricular/control/catalogos/PUENTE_SIES_COMPILADO.tsv", "/Users/alexi/Documents/GitHub/avance_curricular/resultados/auditoria_integral_multicodcli_2026/decision_end_to_end_94_rut_20260622_124100/validacion_por_hoja_corregida_20260622_130223/RESUMEN_VALIDACION_HOJAS.csv", "/Users/alexi/Documents/GitHub/avance_curricular/resultados/auditoria_integral_multicodcli_2026/revision_rut_seleccionados_20260618_160805/AUDITORIA_32_CAMPOS_RUT_SELECCIONADOS.csv", "/Users/alexi/Documents/GitHub/avance_curricular/resultados/auditoria_integral_multicodcli_2026/auditoria_20260618_143844/17_DICCIONARIO_DECISIONES.xlsx", "/Users/alexi/Documents/GitHub/avance_curricular/resultados/auditoria_integral_multicodcli_2026/auditoria_20260618_144104/00_RESPALDO_ENTRADAS/matricula_unificada_2026_BASE_COMPLETA_CORREGIDA_FINAL_20260618.csv", "/Users/alexi/Documents/GitHub/avance_curricular/resultados/auditoria_integral_multicodcli_2026/auditoria_20260618_144104/00_RESPALDO_ENTRADAS/matricula_unificada_2026_BASE_COMPLETA_CORREGIDA_P1_20260618.csv", "/Users/alexi/Documents/GitHub/avance_curricular/resultados/auditoria_integral_multicodcli_2026/auditoria_20260618_144104/00_RESPALDO_ENTRADAS/matricula_unificada_2026_BASE_COMPLETA_CORREGIDA_TRAYECTORIAS_20260618.csv", "/Users/alexi/Documents/GitHub/avance_curricular/resultados/auditoria_integral_multicodcli_2026/auditoria_20260618_144104/17_DICCIONARIO_DECISIONES.xlsx", "/Users/alexi/Documents/GitHub/avance_curricular/resultados/auditoria_integral_multicodcli_2026/auditoria_20260618_144641/00_RESPALDO_ENTRADAS/matricula_unificada_2026_BASE_COMPLETA_CORREGIDA_FINAL_20260618.csv", "/Users/alexi/Documents/GitHub/avance_curricular/resultados/auditoria_integral_multicodcli_2026/auditoria_20260618_144641/00_RESPALDO_ENTRADAS/matricula_unificada_2026_BASE_COMPLETA_CORREGIDA_P1_20260618.csv", "/Users/alexi/Documents/GitHub/avance_curricular/resultados/auditoria_integral_multicodcli_2026/auditoria_20260618_144641/00_RESPALDO_ENTRADAS/matricula_unificada_2026_BASE_COMPLETA_CORREGIDA_TRAYECTORIAS_20260618.csv", "/Users/alexi/Documents/GitHub/avance_curricular/resultados/auditoria_integral_multicodcli_2026/auditoria_20260618_144641/17_DICCIONARIO_DECISIONES.xlsx"]}
2026-06-30T11:16:25 FASE 0 FIN COMPLETADA
2026-06-30T13:13:03 FASE 1 INICIO
2026-06-30T13:13:03 FASE 1 FIN BLOQUEADA
2026-06-30T13:20:35 FASE 1 INICIO
2026-06-30T13:20:35 FASE1_RECUPERACION {"estado": "COMPLETADA", "archivos_priorizados": 2390, "archivos_leidos": 60, "scripts_leidos": 14, "datos_leidos": 33, "auditorias_leidas": 14, "funciones_recuperadas": 488, "reglas_recuperadas": 386, "faltantes": [], "contradicciones": []}
2026-06-30T13:20:35 FASE 1 FIN COMPLETADA
2026-06-30T13:21:42 FASE 1 INICIO
2026-06-30T13:21:45 FASE1_RECUPERACION {"estado": "COMPLETADA", "archivos_priorizados": 2390, "archivos_leidos": 55, "scripts_leidos": 18, "datos_leidos": 22, "auditorias_leidas": 16, "funciones_recuperadas": 720, "reglas_recuperadas": 549, "faltantes": [], "contradicciones": []}
2026-06-30T13:21:45 FASE 1 FIN COMPLETADA
2026-06-30T13:24:42 FASE 2 INICIO
2026-06-30T13:24:42 FASE 2 FIN BLOQUEADA
2026-06-30T13:32:12 FASE 2 INICIO
2026-06-30T13:32:12 FASE 2 FIN COMPLETADA
2026-06-30T13:33:55 FASE 3 INICIO
2026-06-30T13:33:55 FASE 3 FIN BLOQUEADA
2026-06-30T13:46:33 FASE 3 INICIO
2026-06-30T13:46:38 FASE 3 FIN BLOQUEADA
2026-06-30T13:47:19 FASE 3 INICIO
2026-06-30T13:47:24 FASE 3 FIN COMPLETADA
2026-06-30T14:12:28 FASE 4 INICIO
2026-06-30T14:12:28 FASE 4 FIN BLOQUEADA
2026-06-30T14:17:02 FASE 4 INICIO
2026-06-30T14:17:04 FASE 4 FIN BLOQUEADA
2026-06-30T14:17:41 FASE 4 INICIO
2026-06-30T14:17:42 FASE 4 FIN COMPLETADA
2026-06-30T14:36:27 FASE 5 INICIO
2026-06-30T14:36:27 FASE 5 FIN COMPLETADA
2026-06-30T16:28:37 FASE 6 INICIO
2026-06-30T16:28:39 FASE 6 FIN COMPLETADA
2026-06-30T16:35:09 FASE 7 INICIO
2026-06-30T16:35:09 FASE 7 FIN COMPLETADA
