2026-06-30T13:21:42 FASE1 inicio recuperacion controlada
2026-06-30T13:21:42 ANALIZA 20 /Users/alexi/Documents/GitHub/avance_curricular/scripts/compile_puente_sies_compilado.py
2026-06-30T13:21:42 ANALIZA 1 /Users/alexi/Documents/GitHub/avance_curricular/resultados/auditoria_integral_multicodcli_2026/auditoria_20260618_144104/00_RESPALDO_ENTRADAS/PUENTE_SIES_COMPILADO.tsv
2026-06-30T13:21:42 ANALIZA 25 /Users/alexi/Documents/GitHub/avance_curricular/control/catalogos/PUENTE_SIES_COMPILADO.tsv
2026-06-30T13:21:42 ANALIZA 202 /Users/alexi/Documents/GitHub/avance_curricular/DURACION_ESTUDIOS.tsv
2026-06-30T13:21:42 ANALIZA 643 /Users/alexi/Documents/GitHub/avance_curricular/data/DURACION_ESTUDIOS.tsv
2026-06-30T13:21:42 ANALIZA 16 /Users/alexi/Documents/GitHub/avance_curricular/scripts/compile_puente_sies_compilado 2.py
2026-06-30T13:21:42 ANALIZA 8 /Users/alexi/Documents/GitHub/avance_curricular/resultados/auditoria_integral_multicodcli_2026/auditoria_20260618_144641/00_RESPALDO_ENTRADAS/PUENTE_SIES_COMPILADO.tsv
2026-06-30T13:21:42 ANALIZA 32 /Users/alexi/Documents/GitHub/avance_curricular/scripts/corregir_fase06_vigencia_extranjeros_2025.py
2026-06-30T13:21:42 ANALIZA 2 /Users/alexi/Documents/GitHub/avance_curricular/avance_curricular_2026/07_control/MAPA_CODIGO_GOBERNANZA/ANALISIS_DIRIGIDO_20260626_145436/05_FRAGMENTOS_RELEVANTES.txt
2026-06-30T13:21:42 ANALIZA 3 /Users/alexi/Documents/GitHub/avance_curricular/avance_curricular_2026/07_control/MAPA_CODIGO_GOBERNANZA/ARQUITECTURA_REUTILIZABLE_20260626_145626/02_CUERPOS_FUNCIONES_NUCLEO.txt
2026-06-30T13:21:42 ANALIZA 4 /Users/alexi/Documents/GitHub/avance_curricular/avance_curricular_2026/07_control/MAPA_CODIGO_GOBERNANZA/FLUJO_REAL_20260626_145749/02_CODIGO_FLUJO_REAL.txt
2026-06-30T13:21:42 ANALIZA 5 /Users/alexi/Documents/GitHub/avance_curricular/backups/pre_integracion_mu_extranjeros_sies_20260625_181842/scripts/codigo_gobernanza_v2 2.py
2026-06-30T13:21:42 ANALIZA 6 /Users/alexi/Documents/GitHub/avance_curricular/codigo_gobernanza_v2.py
2026-06-30T13:21:42 ANALIZA 7 /Users/alexi/Documents/GitHub/avance_curricular/diagnosticos/mu2026_postgrado/diagnostico_codcar_postgrado_20260508_084606.md
2026-06-30T13:21:44 ANALIZA 9 /Users/alexi/Documents/GitHub/avance_curricular/control/reportes/audit_catalogos_sies_resolucion_cicre_2026-04-09.md
2026-06-30T13:21:44 ANALIZA 10 /Users/alexi/Documents/GitHub/avance_curricular/backups/pre_auditoria_transversal_gobernanza_sies_mu2026_20260625_175606/MANIFIESTO_FUENTES_AUDITORIA_TRANSVERSAL_SIES_MU2026 2.json
2026-06-30T13:21:44 ANALIZA 12 /Users/alexi/Documents/GitHub/avance_curricular/avance_curricular_2026/07_control/MAPA_CODIGO_GOBERNANZA/REFERENCIAS_DIRECTAS_20260626_145848/06_FRAGMENTOS_LECTURA_PROMEDIOS.txt
2026-06-30T13:21:44 ANALIZA 13 /Users/alexi/Documents/GitHub/avance_curricular/backups/pre_auditoria_logica_versiones_sies_mu_20260625_143054/INVENTARIO_LOGICA_SELECCION_VERSION_SIES_MU.csv
2026-06-30T13:21:44 ANALIZA 17 /Users/alexi/Documents/GitHub/avance_curricular/avance_curricular_2026/07_control/FUENTES_REUTILIZABLES_DESDE_MU.tsv
2026-06-30T13:21:44 ANALIZA 21 /Users/alexi/Documents/GitHub/avance_curricular/resultados/auditoria_puente_sies_mapa_cruces.tsv
2026-06-30T13:21:44 ANALIZA 22 /Users/alexi/Documents/GitHub/avance_curricular/scripts/auditoria_integral_multicodcli_2026 2.py
2026-06-30T13:21:44 ANALIZA 23 /Users/alexi/Documents/GitHub/avance_curricular/scripts/validar_pdf_plan_34_directas.py
2026-06-30T13:21:44 ANALIZA 24 /Users/alexi/Documents/GitHub/avance_curricular/avance_curricular_2026/07_control/MAPA_CODIGO_GOBERNANZA/ANALISIS_DIRIGIDO_20260626_145436/01_COINCIDENCIAS_DIRIGIDAS.tsv
2026-06-30T13:21:44 ANALIZA 26 /Users/alexi/Documents/GitHub/avance_curricular/estudiantes_extranjeros_2026/backups/pre_busqueda_final_pendientes_v3_20260624_195330/resultados/auditorias/INVENTARIO_FINAL_FUENTES_PENDIENTES_V3.csv
2026-06-30T13:21:44 ANALIZA 27 /Users/alexi/Documents/GitHub/avance_curricular/estudiantes_extranjeros_2026/backups/pre_busqueda_final_pendientes_v3_20260624_195435/resultados/auditorias/INVENTARIO_FINAL_FUENTES_PENDIENTES_V3.csv
2026-06-30T13:21:44 ANALIZA 28 /Users/alexi/Documents/GitHub/avance_curricular/estudiantes_extranjeros_2026/backups/pre_busqueda_final_pendientes_v3_20260624_195634/resultados/auditorias/INVENTARIO_FINAL_FUENTES_PENDIENTES_V3.csv
2026-06-30T13:21:44 ANALIZA 29 /Users/alexi/Documents/GitHub/avance_curricular/estudiantes_extranjeros_2026/backups/pre_resolucion_codigos_sies_v6_20260625_140952/scripts/resolver_codigos_sies_v6 2.py
2026-06-30T13:21:44 ANALIZA 30 /Users/alexi/Documents/GitHub/avance_curricular/estudiantes_extranjeros_2026/resultados/auditorias/INVENTARIO_FINAL_FUENTES_PENDIENTES_V3.csv
2026-06-30T13:21:44 ANALIZA 31 /Users/alexi/Documents/GitHub/avance_curricular/qa_checks.py
2026-06-30T13:21:44 ANALIZA 33 /Users/alexi/Documents/GitHub/avance_curricular/avance_curricular_2026/07_control/MAPA_CODIGO_GOBERNANZA/ARQUITECTURA_REUTILIZABLE_20260626_145626/04_REFERENCIAS_FLUJO_EXISTENTE.tsv
2026-06-30T13:21:44 ANALIZA 34 /Users/alexi/Documents/GitHub/avance_curricular/avance_curricular_2026/07_control/MAPA_CODIGO_GOBERNANZA/FLUJO_REAL_20260626_145749/03_REFERENCIAS_EXACTAS.tsv
2026-06-30T13:21:44 ANALIZA 35 /Users/alexi/Documents/GitHub/avance_curricular/avance_curricular_2026/07_control/VALIDACION_LLAVES/INVENTARIO_LLAVES_POR_FUENTE.tsv
2026-06-30T13:21:44 ANALIZA 36 /Users/alexi/Documents/GitHub/avance_curricular/estudiantes_extranjeros_2026/resultados/auditorias/RESOLUCION_2_CODIGOS_SIES_V6.csv
2026-06-30T13:21:44 ANALIZA 38 /Users/alexi/Documents/GitHub/avance_curricular/resultados/debug_remanentes_puente.tsv
2026-06-30T13:21:44 ANALIZA 39 /Users/alexi/Documents/GitHub/avance_curricular/estudiantes_extranjeros_2026/scripts/generar_base_maestra_fase2 2.py
2026-06-30T13:21:44 ANALIZA 40 /Users/alexi/Documents/GitHub/avance_curricular/README.md
2026-06-30T13:21:44 ANALIZA 41 /Users/alexi/Documents/GitHub/avance_curricular/avance_curricular_2026/07_control/COBERTURA_FUENTES_MU_PARA_AVANCE.tsv
2026-06-30T13:21:44 ANALIZA 42 /Users/alexi/Documents/GitHub/avance_curricular/control/reportes/audit_eliminacion_puente_sies_2026-04-09 2.md
2026-06-30T13:21:44 ANALIZA 43 /Users/alexi/Documents/GitHub/avance_curricular/estudiantes_extranjeros_2026/resultados/auditorias/CANDIDATOS_CODIGOS_SIES_V6.csv
2026-06-30T13:21:44 ANALIZA 44 /Users/alexi/Documents/GitHub/avance_curricular/avance_curricular_2026/07_control/MAPA_CODIGO_GOBERNANZA/REFERENCIAS_DIRECTAS_20260626_145848/06_FRAGMENTOS_CATALOGOS.txt
2026-06-30T13:21:44 ANALIZA 45 /Users/alexi/Documents/GitHub/avance_curricular/archive/legacy_runtime/codigo.py
2026-06-30T13:21:44 ANALIZA 46 /Users/alexi/Documents/GitHub/avance_curricular/backups/pre_auditoria_caso_netmre016_mu2026_20260625_173014/INVENTARIO_APARICIONES_20171NETMRE016.csv
2026-06-30T13:21:44 ANALIZA 48 /Users/alexi/Documents/GitHub/avance_curricular/estudiantes_extranjeros_2026/scripts/corregir_universo_extranjeros_2025 2.py
2026-06-30T13:21:44 ANALIZA 51 /Users/alexi/Documents/GitHub/avance_curricular/estudiantes_extranjeros_2026/scripts/generar_diagnostico_inicial 2.py
2026-06-30T13:21:44 ANALIZA 58 /Users/alexi/Documents/GitHub/avance_curricular/backups/pre_auditoria_transversal_gobernanza_sies_mu2026_20260625_175504/auditar_combinaciones_sies_mu2026 2.py
2026-06-30T13:21:44 ANALIZA 59 /Users/alexi/Documents/GitHub/avance_curricular/avance_curricular_2026/07_control/MAPA_CODIGO_GOBERNANZA/REFERENCIAS_DIRECTAS_20260626_145848/06_FRAGMENTOS_SALIDAS.txt
2026-06-30T13:21:44 ANALIZA 73 /Users/alexi/Documents/GitHub/avance_curricular/avance_curricular_2026/07_control/MAPA_CODIGO_GOBERNANZA/REFERENCIAS_DIRECTAS_20260626_145848/03_CATALOGOS_Y_SALIDAS.txt
2026-06-30T13:21:44 ANALIZA 76 /Users/alexi/Documents/GitHub/avance_curricular/estudiantes_extranjeros_2026/resultados/reportes/DIAGNOSTICO_257_REGISTROS 2.txt
2026-06-30T13:21:44 ANALIZA 77 /Users/alexi/Documents/GitHub/avance_curricular/avance_curricular_2026/01_documentacion/10_RECONSTRUCCION_MU_A_EXTRANJEROS.md
2026-06-30T13:21:44 ANALIZA 79 /Users/alexi/Documents/GitHub/avance_curricular/avance_curricular_2026/01_documentacion/12_VALIDACION_LLAVES_AVANCE_CURRICULAR.md
2026-06-30T13:21:44 ANALIZA 83 /Users/alexi/Documents/GitHub/avance_curricular/DOCUMENTACION_TECNICA.md
2026-06-30T13:21:44 ANALIZA 85 /Users/alexi/Documents/GitHub/avance_curricular/estudiantes_extranjeros_2026/backups/pre_correcciones_v5_20260625_121515/scripts/aplicar_correcciones_extranjeros_v5 2.py
2026-06-30T13:21:44 ANALIZA 86 /Users/alexi/Documents/GitHub/avance_curricular/estudiantes_extranjeros_2026/backups/pre_correcciones_v5_20260625_121527/scripts/aplicar_correcciones_extranjeros_v5 2.py
2026-06-30T13:21:44 ANALIZA 88 /Users/alexi/Documents/GitHub/avance_curricular/estudiantes_extranjeros_2026/backups/pre_resolucion_codigos_sies_v6_20260625_140952/scripts/aplicar_correcciones_extranjeros_v5 2.py
2026-06-30T13:21:44 ANALIZA 96 /Users/alexi/Documents/GitHub/avance_curricular/archive/analisis_mu2026_invalidado_20260623_172936/repo/scripts/cierre_34_multivigentes_sies 2.py
