⚠️  Conflictos en matriz auto desde DURACION_ESTUDIOS: 25 (se conserva primera ocurrencia)
✅ Matriz SIES auto construida desde DURACION_ESTUDIOS: 211 llaves
Modo compatible activado: se derivaron Carreras/Matrícula/Equivalencia desde Hoja1.

========================================================================
AVANCE CURRICULAR 2026 — CONTROL DESDE PRECARGAS
========================================================================
Salida: /Users/alexi/Documents/GitHub/avance_curricular/avance_curricular_2026/10_resultados/ejecuciones/CONTROL_DESDE_PRECARGAS_20260626_152209
Carreras originales: 43
Carreras control: 43
Matrícula original: 2,371
Matrícula control: 2,371
Histórico hasta 2025: 24,829
Resumen persona-carrera: 2,830
Issues totales: 2
Bloqueos ERROR/BLOCKER: 1
No modificables Carreras preservados: True
No modificables Matrícula preservados: True
PES generado: NO

REPORTE:
/Users/alexi/Documents/GitHub/avance_curricular/avance_curricular_2026/10_resultados/ejecuciones/CONTROL_DESDE_PRECARGAS_20260626_152209/REPORTE_CONTROL_AVANCE_2026.json

ABRIR SALIDA:
open "/Users/alexi/Documents/GitHub/avance_curricular/avance_curricular_2026/10_resultados/ejecuciones/CONTROL_DESDE_PRECARGAS_20260626_152209"
