2026-05-18 18:36:40,633 INFO Inicio FASE 1 diccionario Evolucion de Carreras
2026-05-18 18:36:40,636 INFO Campo Idsede inicio idx=4
2026-05-18 18:36:40,637 INFO Campo AnioInicioActividades inicio idx=9
2026-05-18 18:36:40,637 INFO Campo Codcarr inicio idx=14
2026-05-18 18:36:40,637 INFO Campo Nombre inicio idx=17
2026-05-18 18:36:40,637 INFO Campo TipoCarrera inicio idx=22
2026-05-18 18:36:40,637 INFO Campo NombreSede inicio idx=27
2026-05-18 18:36:40,637 INFO Campo nombreCampus inicio idx=30
2026-05-18 18:36:40,637 INFO Campo NombreDependencia inicio idx=33
2026-05-18 18:36:40,637 INFO Campo Horario inicio idx=36
2026-05-18 18:36:40,637 INFO Campo EspecialidadOMencion inicio idx=39
2026-05-18 18:36:40,638 INFO Campo idEstadoCarrera inicio idx=53
2026-05-18 18:36:40,638 INFO Campo Anioinfo inicio idx=71
2026-05-18 18:36:40,638 INFO Campo CodigoSIES inicio idx=76
2026-05-18 18:36:40,638 INFO Campo valorMatAnual inicio idx=84
2026-05-18 18:36:40,638 INFO Campo valorArancelAnual inicio idx=101
2026-05-18 18:36:40,638 INFO Campo valorTitulo inicio idx=127
2026-05-18 18:36:40,639 INFO Campo TipoMoneda inicio idx=146
2026-05-18 18:36:40,639 INFO Campo VacantesSemestre1 inicio idx=153
2026-05-18 18:36:40,639 INFO Campo VacantesSemestre2 inicio idx=158
2026-05-18 18:36:40,639 INFO Campo MatPrimerAnioHombres inicio idx=163
2026-05-18 18:36:40,639 INFO Campo MatPrimerAnioMujeres inicio idx=188
2026-05-18 18:36:40,639 INFO Campo MatPrimerAnioExtranjeros_as inicio idx=204
2026-05-18 18:36:40,639 INFO Campo MatTotalHombres inicio idx=216
2026-05-18 18:36:40,639 INFO Campo MatTotalMujeres inicio idx=231
2026-05-18 18:36:40,640 INFO Campo MatTotalExtranjeros_as inicio idx=255
2026-05-18 18:36:40,641 INFO Campo AlumnosRindieronPSU inicio idx=264
2026-05-18 18:36:40,641 INFO Campo intAlumOtraVia inicio idx=303
2026-05-18 18:36:40,642 INFO Campo PAESmin inicio idx=324
2026-05-18 18:36:40,642 INFO Campo PAESprom inicio idx=352
2026-05-18 18:36:40,642 INFO Campo PAESmax inicio idx=389
2026-05-18 18:36:40,642 INFO Campo PAESPonderadoMin inicio idx=406
2026-05-18 18:36:40,642 INFO Campo PAESPonderadoProm inicio idx=434
2026-05-18 18:36:40,642 INFO Campo PAESPonderadoMax inicio idx=462
2026-05-18 18:36:40,643 INFO Campo IntNemMin inicio idx=487
2026-05-18 18:36:40,643 INFO Campo IntNemProm inicio idx=500
2026-05-18 18:36:40,643 INFO Campo intNemMax inicio idx=513
2026-05-18 18:36:40,643 INFO Campo intPRMin inicio idx=535
2026-05-18 18:36:40,643 INFO Campo intPRPro inicio idx=558
2026-05-18 18:36:40,643 INFO Campo intPRMax inicio idx=580
2026-05-18 18:36:40,643 INFO Campo MatTotalCohorteAnioAnt inicio idx=595
2026-05-18 18:36:40,643 INFO Campo NumDocentesPorPrograma inicio idx=610
2026-05-18 18:36:40,643 INFO Campo MatPrimerAnioOriginarioH inicio idx=638
2026-05-18 18:36:40,643 INFO Campo MatPrimerAnioOriginarioM inicio idx=649
2026-05-18 18:36:40,644 INFO Campo MatTotalOriginarioH inicio idx=660
2026-05-18 18:36:40,644 INFO Campo MatTotalOriginarioM inicio idx=684
2026-05-18 18:36:40,644 INFO Campo Matricula total estudiantes no binarios inicio idx=699
2026-05-18 18:36:40,644 INFO Campo Matricula primer año estudiantes no binarios inicio idx=707
2026-05-18 18:36:40,916 INFO Bloque detectado: CSV Evolución Carreras
2026-05-18 18:36:40,916 INFO Campos detectados: 47
2026-05-18 18:36:40,916 INFO Reglas programables: 30
2026-05-18 18:36:40,916 INFO Campos revision manual: 7
2026-05-18 18:36:40,916 INFO Fin FASE 1 diccionario Evolucion de Carreras
